// Jest Snapshot v1, https://goo.gl/fbAQLP

exports[`plugin test suits should complete standard workflow --> prefetch 1`] = `"<!doctype html><html lang=\\"en\\"><head><meta charset=\\"UTF-8\\"/><title>Jest</title><link rel=\\"prefetch\\" href=\\"/static/media/david-marcu-114194-unsplash.e5c27cdd.jpg\\"><link rel=\\"prefetch\\" href=\\"/static/media/eberhard-grossgasteiger-1482753-unsplash.63c69b5c.jpg\\"><link rel=\\"prefetch\\" href=\\"/static/media/fezbot2000-278419-unsplash.feec5470.jpg\\"></head><body><script src=\\"/main.js\\"></script></body></html>"`;

exports[`plugin test suits should complete standard workflow --> preload 1`] = `"<!doctype html><html lang=\\"en\\"><head><meta charset=\\"UTF-8\\"/><title>Jest</title><link rel=\\"preload\\" href=\\"/static/media/david-marcu-114194-unsplash.e5c27cdd.jpg\\" type=\\"image/jpeg\\" as=\\"image\\"><link rel=\\"preload\\" href=\\"/static/media/eberhard-grossgasteiger-1482753-unsplash.63c69b5c.jpg\\" type=\\"image/jpeg\\" as=\\"image\\"><link rel=\\"preload\\" href=\\"/static/media/fezbot2000-278419-unsplash.feec5470.jpg\\" type=\\"image/jpeg\\" as=\\"image\\"></head><body><script src=\\"/main.js\\"></script></body></html>"`;
